<!doctype html>
<html>
<head></head>
<body>
{include header.tpl}
</body>
</html>
